.NET Core용 Microsoft (R) Build Engine 버전 16.5.0+d4cbfca49
Copyright (C) Microsoft Corporation. All rights reserved.

  42.98 ms에서 C:\Users\s2quake\source\repos\JSSoft.Communication\sub-modules\Ntreev.Library.Commands\Ntreev.Library.Commands.Invoke\Ntreev.Library.Commands.Invoke.csproj에 대한 복원을 완료했습니다.
  43 ms에서 C:\Users\s2quake\source\repos\JSSoft.Communication\sub-modules\Ntreev.Library\Ntreev.Library\Ntreev.Library.csproj에 대한 복원을 완료했습니다.
  42.99 ms에서 C:\Users\s2quake\source\repos\JSSoft.Communication\sub-modules\Ntreev.Library.Commands\Ntreev.Library.Commands\Ntreev.Library.Commands.csproj에 대한 복원을 완료했습니다.
  43 ms에서 C:\Users\s2quake\source\repos\JSSoft.Communication\sub-modules\Ntreev.Library.Commands\Ntreev.Library.Commands.Parse\Ntreev.Library.Commands.Parse.csproj에 대한 복원을 완료했습니다.
  42.99 ms에서 C:\Users\s2quake\source\repos\JSSoft.Communication\sub-modules\Ntreev.Library.Commands\Ntreev.Library.Commands.Repl\Ntreev.Library.Commands.Repl.csproj에 대한 복원을 완료했습니다.
  Ntreev.Library -> C:\Users\s2quake\source\repos\JSSoft.Communication\sub-modules\Ntreev.Library\Ntreev.Library\bin\Debug\net45\Ntreev.Library.dll
  Ntreev.Library -> C:\Users\s2quake\source\repos\JSSoft.Communication\sub-modules\Ntreev.Library\Ntreev.Library\bin\Debug\netcoreapp3.0\Ntreev.Library.dll
CommandStringUtility.cs(44,23): error CS8137: 컴파일러에서 요구하는 'System.Runtime.CompilerServices.TupleElementNamesAttribute' 형식을 찾지 못했기 때문에 튜플을 사용하는 클래스 또는 멤버를 정의할 수 없습니다. 참조가 있는지 확인하세요. [C:\Users\s2quake\source\repos\JSSoft.Communication\sub-modules\Ntreev.Library.Commands\Ntreev.Library.Commands\Ntreev.Library.Commands.csproj]
CommandStringUtility.cs(44,23): error CS8179: 미리 정의된 형식 'System.ValueTuple`2'을(를) 정의하지 않았거나 가져오지 않았습니다. [C:\Users\s2quake\source\repos\JSSoft.Communication\sub-modules\Ntreev.Library.Commands\Ntreev.Library.Commands\Ntreev.Library.Commands.csproj]
  Ntreev.Library.Commands -> C:\Users\s2quake\source\repos\JSSoft.Communication\sub-modules\Ntreev.Library.Commands\Ntreev.Library.Commands\bin\Debug\netcoreapp3.0\Ntreev.Library.Commands.dll
  Ntreev.Library.Commands.Invoke -> C:\Users\s2quake\source\repos\JSSoft.Communication\sub-modules\Ntreev.Library.Commands\Ntreev.Library.Commands.Invoke\bin\Debug\netcoreapp3.0\Ntreev.Library.Commands.Invoke.dll
  Ntreev.Library.Commands.Parse -> C:\Users\s2quake\source\repos\JSSoft.Communication\sub-modules\Ntreev.Library.Commands\Ntreev.Library.Commands.Parse\bin\Debug\netcoreapp3.0\Ntreev.Library.Commands.Parse.dll
  Ntreev.Library.Commands.Repl -> C:\Users\s2quake\source\repos\JSSoft.Communication\sub-modules\Ntreev.Library.Commands\Ntreev.Library.Commands.Repl\bin\Debug\netcoreapp3.0\Ntreev.Library.Commands.Repl.dll

빌드하지 못했습니다.

CommandStringUtility.cs(44,23): error CS8137: 컴파일러에서 요구하는 'System.Runtime.CompilerServices.TupleElementNamesAttribute' 형식을 찾지 못했기 때문에 튜플을 사용하는 클래스 또는 멤버를 정의할 수 없습니다. 참조가 있는지 확인하세요. [C:\Users\s2quake\source\repos\JSSoft.Communication\sub-modules\Ntreev.Library.Commands\Ntreev.Library.Commands\Ntreev.Library.Commands.csproj]
CommandStringUtility.cs(44,23): error CS8179: 미리 정의된 형식 'System.ValueTuple`2'을(를) 정의하지 않았거나 가져오지 않았습니다. [C:\Users\s2quake\source\repos\JSSoft.Communication\sub-modules\Ntreev.Library.Commands\Ntreev.Library.Commands\Ntreev.Library.Commands.csproj]
    경고 0개
    오류 2개

경과 시간: 00:00:01.54
